[    0.000000] Initializing cgroup subsys cpuset
[    0.000000] Initializing cgroup subsys cpu
[    0.000000] Initializing cgroup subsys cpuacct
[    0.000000] Linux version 4.4.0-112-generic (buildd@lgw01-amd64-010) (gcc version 5.4.0 20160609 (Ubuntu 5.4.0-6ubuntu1~16.04.5) ) #135-Ubuntu SMP Fri Jan 19 11:48:36 UTC 2018 (Ubuntu 4.4.0-112.135-generic 4.4.98)
[    0.000000] Command line: BOOT_IMAGE=/boot/vmlinuz-4.4.0-112-generic root=LABEL=cloudimg-rootfs ro console=tty1 console=ttyS0
[    0.000000] KERNEL supported cpus:
[    0.000000]   Intel GenuineIntel
[    0.000000]   AMD AuthenticAMD
[    0.000000]   Centaur CentaurHauls
[    0.000000] x86/fpu: xstate_offset[2]:  576, xstate_sizes[2]:  256
[    0.000000] x86/fpu: Supporting XSAVE feature 0x01: 'x87 floating point registers'
[    0.000000] x86/fpu: Supporting XSAVE feature 0x02: 'SSE registers'
[    0.000000] x86/fpu: Supporting XSAVE feature 0x04: 'AVX registers'
[    0.000000] x86/fpu: Enabled xstate features 0x7, context size is 832 bytes, using 'standard' format.
[    0.000000] x86/fpu: Using 'lazy' FPU context switches.
[    0.000000] e820: BIOS-provided physical RAM map:
[    0.000000] BIOS-e820: [mem 0x0000000000000000-0x000000000009fbff] usable
[    0.000000] BIOS-e820: [mem 0x000000000009fc00-0x000000000009ffff] reserved
[    0.000000] BIOS-e820: [mem 0x00000000000f0000-0x00000000000fffff] reserved
[    0.000000] BIOS-e820: [mem 0x0000000000100000-0x00000000dffeffff] usable
[    0.000000] BIOS-e820: [mem 0x00000000dfff0000-0x00000000dfffffff] ACPI data
[    0.000000] BIOS-e820: [mem 0x00000000fec00000-0x00000000fec00fff] reserved
[    0.000000] BIOS-e820: [mem 0x00000000fee00000-0x00000000fee00fff] reserved
[    0.000000] BIOS-e820: [mem 0x00000000fffc0000-0x00000000ffffffff] reserved
[    0.000000] BIOS-e820: [mem 0x0000000100000000-0x000000021fffffff] usable
[    0.000000] NX (Execute Disable) protection: active
[    0.000000] SMBIOS 2.5 present.
[    0.000000] Hypervisor detected: KVM
[    0.000000] e820: last_pfn = 0x220000 max_arch_pfn = 0x400000000
[    0.000000] MTRR: Disabled
[    0.000000] x86/PAT: MTRRs disabled, skipping PAT initialization too.
[    0.000000] CPU MTRRs all blank - virtualized system.
[    0.000000] x86/PAT: Configuration [0-7]: WB  WT  UC- UC  WB  WT  UC- UC  
[    0.000000] e820: last_pfn = 0xdfff0 max_arch_pfn = 0x400000000
[    0.000000] found SMP MP-table at [mem 0x0009fff0-0x0009ffff] mapped at [ffff88000009fff0]
[    0.000000] Scanning 1 areas for low memory corruption
[    0.000000] RAMDISK: [mem 0x36acc000-0x3755dfff]
[    0.000000] ACPI: Early table checksum verification disabled
[    0.000000] ACPI: RSDP 0x00000000000E0000 000024 (v02 VBOX  )
[    0.000000] ACPI: XSDT 0x00000000DFFF0030 00003C (v01 VBOX   VBOXXSDT 00000001 ASL  00000061)
[    0.000000] ACPI: FACP 0x00000000DFFF00F0 0000F4 (v04 VBOX   VBOXFACP 00000001 ASL  00000061)
[    0.000000] ACPI: DSDT 0x00000000DFFF0470 0021FF (v02 VBOX   VBOXBIOS 00000002 INTL 20100528)
[    0.000000] ACPI: FACS 0x00000000DFFF0200 000040
[    0.000000] ACPI: FACS 0x00000000DFFF0200 000040
[    0.000000] ACPI: APIC 0x00000000DFFF0240 00005C (v02 VBOX   VBOXAPIC 00000001 ASL  00000061)
[    0.000000] ACPI: SSDT 0x00000000DFFF02A0 0001CC (v01 VBOX   VBOXCPUT 00000002 INTL 20100528)
[    0.000000] No NUMA configuration found
[    0.000000] Faking a node at [mem 0x0000000000000000-0x000000021fffffff]
[    0.000000] NODE_DATA(0) allocated [mem 0x21fff5000-0x21fff9fff]
[    0.000000] kvm-clock: Using msrs 4b564d01 and 4b564d00
[    0.000000] kvm-clock: cpu 0, msr 2:1ffed001, primary cpu clock
[    0.000000] kvm-clock: using sched offset of 3587292786 cycles
[    0.000000] clocksource: kvm-clock: mask: 0xffffffffffffffff max_cycles: 0x1cd42e4dffb, max_idle_ns: 881590591483 ns
[    0.000000] Zone ranges:
[    0.000000]   DMA      [mem 0x0000000000001000-0x0000000000ffffff]
[    0.000000]   DMA32    [mem 0x0000000001000000-0x00000000ffffffff]
[    0.000000]   Normal   [mem 0x0000000100000000-0x000000021fffffff]
[    0.000000]   Device   empty
[    0.000000] Movable zone start for each node
[    0.000000] Early memory node ranges
[    0.000000]   node   0: [mem 0x0000000000001000-0x000000000009efff]
[    0.000000]   node   0: [mem 0x0000000000100000-0x00000000dffeffff]
[    0.000000]   node   0: [mem 0x0000000100000000-0x000000021fffffff]
[    0.000000] Initmem setup node 0 [mem 0x0000000000001000-0x000000021fffffff]
[    0.000000] ACPI: PM-Timer IO Port: 0x4008
[    0.000000] IOAPIC[0]: apic_id 2, version 32, address 0xfec00000, GSI 0-23
[    0.000000] ACPI: INT_SRC_OVR (bus 0 bus_irq 0 global_irq 2 dfl dfl)
[    0.000000] ACPI: INT_SRC_OVR (bus 0 bus_irq 9 global_irq 9 high level)
[    0.000000] Using ACPI (MADT) for SMP configuration information
[    0.000000] smpboot: Allowing 2 CPUs, 0 hotplug CPUs
[    0.000000] PM: Registered nosave memory: [mem 0x00000000-0x00000fff]
[    0.000000] PM: Registered nosave memory: [mem 0x0009f000-0x0009ffff]
[    0.000000] PM: Registered nosave memory: [mem 0x000a0000-0x000effff]
[    0.000000] PM: Registered nosave memory: [mem 0x000f0000-0x000fffff]
[    0.000000] PM: Registered nosave memory: [mem 0xdfff0000-0xdfffffff]
[    0.000000] PM: Registered nosave memory: [mem 0xe0000000-0xfebfffff]
[    0.000000] PM: Registered nosave memory: [mem 0xfec00000-0xfec00fff]
[    0.000000] PM: Registered nosave memory: [mem 0xfec01000-0xfedfffff]
[    0.000000] PM: Registered nosave memory: [mem 0xfee00000-0xfee00fff]
[    0.000000] PM: Registered nosave memory: [mem 0xfee01000-0xfffbffff]
[    0.000000] PM: Registered nosave memory: [mem 0xfffc0000-0xffffffff]
[    0.000000] e820: [mem 0xe0000000-0xfebfffff] available for PCI devices
[    0.000000] Booting paravirtualized kernel on KVM
[    0.000000] clocksource: refined-jiffies: mask: 0xffffffff max_cycles: 0xffffffff, max_idle_ns: 7645519600211568 ns
[    0.000000] setup_percpu: NR_CPUS:512 nr_cpumask_bits:512 nr_cpu_ids:2 nr_node_ids:1
[    0.000000] PERCPU: Embedded 34 pages/cpu @ffff88021fc00000 s99544 r8192 d31528 u1048576
[    0.000000] PV qspinlock hash table entries: 256 (order: 0, 4096 bytes)
[    0.000000] Built 1 zonelists in Node order, mobility grouping on.  Total pages: 2064249
[    0.000000] Policy zone: Normal
[    0.000000] Kernel command line: BOOT_IMAGE=/boot/vmlinuz-4.4.0-112-generic root=LABEL=cloudimg-rootfs ro console=tty1 console=ttyS0
[    0.000000] PID hash table entries: 4096 (order: 3, 32768 bytes)
[    0.000000] Memory: 8160980K/8388152K available (8499K kernel code, 1309K rwdata, 3988K rodata, 1508K init, 1316K bss, 227172K reserved, 0K cma-reserved)
[    0.000000] SLUB: HWalign=64, Order=0-3, MinObjects=0, CPUs=2, Nodes=1
[    0.000000] Kernel/User page tables isolation: enabled
[    0.000000] Hierarchical RCU implementation.
[    0.000000] 	Build-time adjustment of leaf fanout to 64.
[    0.000000] 	RCU restricting CPUs from NR_CPUS=512 to nr_cpu_ids=2.
[    0.000000] RCU: Adjusting geometry for rcu_fanout_leaf=64, nr_cpu_ids=2
[    0.000000] NR_IRQS:33024 nr_irqs:440 16
[    0.000000] Console: colour VGA+ 80x25
[    0.000000] console [tty1] enabled
[    0.000000] console [ttyS0] enabled
[    0.000000] tsc: Detected 2394.572 MHz processor
[    7.807887] Calibrating delay loop (skipped) preset value.. 4789.14 BogoMIPS (lpj=9578288)
[    8.076778] pid_max: default: 32768 minimum: 301
[    8.198902] ACPI: Core revision 20150930
[    8.200589] ACPI: 2 ACPI AML tables successfully acquired and loaded
[    8.201845] Security Framework initialized
[    8.202639] Yama: becoming mindful.
[    8.203405] AppArmor: AppArmor initialized
[    8.208668] Dentry cache hash table entries: 1048576 (order: 11, 8388608 bytes)
[    8.225694] Inode-cache hash table entries: 524288 (order: 10, 4194304 bytes)
[    8.367284] Mount-cache hash table entries: 16384 (order: 5, 131072 bytes)
[    8.575678] Mountpoint-cache hash table entries: 16384 (order: 5, 131072 bytes)
[    8.756162] Initializing cgroup subsys io
[    8.770037] Initializing cgroup subsys memory
[    8.875432] Initializing cgroup subsys devices
[    8.938737] Initializing cgroup subsys freezer
[    9.090385] Initializing cgroup subsys net_cls
[    9.211579] Initializing cgroup subsys perf_event
[    9.363440] Initializing cgroup subsys net_prio
[    9.502927] Initializing cgroup subsys hugetlb
[    9.622186] Initializing cgroup subsys pids
[    9.732701] CPU: Physical Processor ID: 0
[    9.839504] CPU: Processor Core ID: 0
[    9.950610] FEATURE SPEC_CTRL Not Present
[   10.066247] mce: CPU supports 0 MCE banks
[   10.202863] Last level iTLB entries: 4KB 512, 2MB 8, 4MB 8
[   10.366352] Last level dTLB entries: 4KB 512, 2MB 32, 4MB 32, 1GB 0
[   10.547248] Freeing SMP alternatives memory: 32K
[   10.677556] ftrace: allocating 32180 entries in 126 pages
[   10.815445] smpboot: APIC(0) Converting physical 0 to logical package 0
[   10.952298] smpboot: Max logical packages: 1
[   10.953428] x2apic enabled
[   10.965515] Switched APIC routing to physical x2apic.
[   11.114823] ..TIMER: vector=0x30 apic1=0 pin1=2 apic2=-1 pin2=-1
[   11.419563] smpboot: CPU0: Intel(R) Core(TM) i7-3630QM CPU @ 2.40GHz (family: 0x6, model: 0x3a, stepping: 0x9)
[   11.726771] Performance Events: unsupported p6 CPU model 58 no PMU driver, software events only.
[   11.974340] KVM setup paravirtual spinlock
[   12.062810] x86: Booting SMP configuration:
[   12.156188] .... node  #0, CPUs:      #1
[   12.267360] kvm-clock: cpu 1, msr 2:1ffed041, secondary cpu clock
[   12.275877] mce: CPU supports 0 MCE banks
[   12.278370] x86: Booted up 1 node, 2 CPUs
[   12.393753] smpboot: Total of 2 processors activated (9578.28 BogoMIPS)
[   12.582711] devtmpfs: initialized
[   12.687981] evm: security.selinux
[   12.788483] evm: security.SMACK64
[   12.885357] evm: security.SMACK64EXEC
[   13.009485] evm: security.SMACK64TRANSMUTE
[   13.073185] evm: security.SMACK64MMAP
[   13.073927] evm: security.ima
[   13.102301] evm: security.capability
[   13.196626] clocksource: jiffies: mask: 0xffffffff max_cycles: 0xffffffff, max_idle_ns: 7645041785100000 ns
[   13.471217] futex hash table entries: 512 (order: 3, 32768 bytes)
[   13.505878] pinctrl core: initialized pinctrl subsystem
[   13.507001] RTC time: 12:57:35, date: 02/22/18
[   13.645746] NET: Registered protocol family 16
[   13.746413] cpuidle: using governor ladder
[   13.859005] cpuidle: using governor menu
[   13.868259] PCCT header not found.
[   13.869044] ACPI: bus type PCI registered
[   13.878187] acpiphp: ACPI Hot Plug PCI Controller Driver version: 0.5
[   13.897939] PCI: Using configuration type 1 for base access
[   13.911718] ACPI: Added _OSI(Module Device)
[   14.046245] ACPI: Added _OSI(Processor Device)
[   14.177314] ACPI: Added _OSI(3.0 _SCP Extensions)
[   14.300554] ACPI: Added _OSI(Processor Aggregator Device)
[   14.434161] ACPI: Executed 1 blocks of module-level executable AML code
[   14.627820] ACPI: Interpreter enabled
[   14.740317] ACPI: (supports S0 S5)
[   14.854762] ACPI: Using IOAPIC for interrupt routing
[   15.019164] PCI: Using host bridge windows from ACPI; if necessary, use "pci=nocrs" and report a bug
[   15.276844] ACPI: PCI Root Bridge [PCI0] (domain 0000 [bus 00-ff])
[   15.469651] acpi PNP0A03:00: _OSC: OS supports [ASPM ClockPM Segments MSI]
[   15.648586] acpi PNP0A03:00: _OSC: not requesting OS control; OS requires [ExtendedConfig ASPM ClockPM MSI]
[   15.902051] acpi PNP0A03:00: fail to add MMCONFIG information, can't access extended PCI configuration space under this bridge.
[   16.179154] PCI host bridge to bus 0000:00
[   16.244974] pci_bus 0000:00: root bus resource [io  0x0000-0x0cf7 window]
[   16.255301] pci_bus 0000:00: root bus resource [io  0x0d00-0xffff window]
[   16.387621] pci_bus 0000:00: root bus resource [mem 0x000a0000-0x000bffff window]
[   16.428467] pci_bus 0000:00: root bus resource [mem 0xe0000000-0xffdfffff window]
[   16.478256] pci_bus 0000:00: root bus resource [bus 00-ff]
[   16.481094] pci 0000:00:01.1: legacy IDE quirk: reg 0x10: [io  0x01f0-0x01f7]
[   16.484153] pci 0000:00:01.1: legacy IDE quirk: reg 0x14: [io  0x03f6]
[   16.487545] pci 0000:00:01.1: legacy IDE quirk: reg 0x18: [io  0x0170-0x0177]
[   16.488767] pci 0000:00:01.1: legacy IDE quirk: reg 0x1c: [io  0x0376]
[   16.574144] pci 0000:00:07.0: quirk: [io  0x4000-0x403f] claimed by PIIX4 ACPI
[   16.602581] pci 0000:00:07.0: quirk: [io  0x4100-0x410f] claimed by PIIX4 SMB
[   16.683455] ACPI: PCI Interrupt Link [LNKA] (IRQs 5 9 10 *11)
[   16.819783] ACPI: PCI Interrupt Link [LNKB] (IRQs 5 9 10 *11)
[   16.957517] ACPI: PCI Interrupt Link [LNKC] (IRQs 5 9 *10 11)
[   17.060242] ACPI: PCI Interrupt Link [LNKD] (IRQs 5 *9 10 11)
[   17.197240] ACPI: Enabled 2 GPEs in block 00 to 07
[   17.318465] vgaarb: setting as boot device: PCI:0000:00:02.0
[   17.470723] vgaarb: device added: PCI:0000:00:02.0,decodes=io+mem,owns=io+mem,locks=none
[   17.513690] vgaarb: loaded
[   17.583034] vgaarb: bridge control possible 0000:00:02.0
[   17.663695] SCSI subsystem initialized
[   17.678095] ACPI: bus type USB registered
[   17.722229] usbcore: registered new interface driver usbfs
[   17.734852] usbcore: registered new interface driver hub
[   17.749901] usbcore: registered new device driver usb
[   17.777951] PCI: Using ACPI for IRQ routing
[   17.886451] NetLabel: Initializing
[   17.991735] NetLabel:  domain hash size = 128
[   18.002906] NetLabel:  protocols = UNLABELED CIPSOv4
[   18.039683] NetLabel:  unlabeled traffic allowed by default
[   18.040857] amd_nb: Cannot enumerate AMD northbridges
[   18.203081] clocksource: Switched to clocksource kvm-clock
[   18.369684] AppArmor: AppArmor Filesystem Enabled
[   18.528502] pnp: PnP ACPI init
[   18.636685] pnp: PnP ACPI: found 3 devices
[   18.753156] clocksource: acpi_pm: mask: 0xffffff max_cycles: 0xffffff, max_idle_ns: 2085701024 ns
[   18.754855] NET: Registered protocol family 2
[   18.755852] TCP established hash table entries: 65536 (order: 7, 524288 bytes)
[   18.759160] TCP bind hash table entries: 65536 (order: 8, 1048576 bytes)
[   18.770700] TCP: Hash tables configured (established 65536 bind 65536)
[   18.771901] UDP hash table entries: 4096 (order: 5, 131072 bytes)
[   18.774492] UDP-Lite hash table entries: 4096 (order: 5, 131072 bytes)
[   18.775709] NET: Registered protocol family 1
[   18.776565] pci 0000:00:00.0: Limiting direct PCI/PCI transfers
[   18.777636] pci 0000:00:01.0: Activating ISA DMA hang workarounds
[   18.778857] Unpacking initramfs...
[   20.501025] Freeing initrd memory: 10824K
[   20.549308] PCI-DMA: Using software bounce buffering for IO (SWIOTLB)
[   20.752455] software IO TLB [mem 0xdbff0000-0xdfff0000] (64MB) mapped at [ffff8800dbff0000-ffff8800dffeffff]
[   20.971307] RAPL PMU detected, API unit is 2^-32 Joules, 3 fixed counters 10737418240 ms ovfl timer
[   20.989243] hw unit of domain pp0-core 2^-0 Joules
[   21.004009] hw unit of domain package 2^-0 Joules
[   21.004906] hw unit of domain pp1-gpu 2^-0 Joules
[   21.054135] platform rtc_cmos: registered platform RTC device (no PNP device found)
[   21.055647] Scanning for low memory corruption every 60 seconds
[   21.058466] audit: initializing netlink subsys (disabled)
[   21.059505] audit: type=2000 audit(1519304250.807:1): initialized
[   21.060849] Initialise system trusted keyring
[   21.061959] HugeTLB registered 2 MB page size, pre-allocated 0 pages
[   21.080098] zbud: loaded
[   21.081014] VFS: Disk quotas dquot_6.6.0
[   21.081843] VFS: Dquot-cache hash table entries: 512 (order 0, 4096 bytes)
[   21.083256] squashfs: version 4.0 (2009/01/31) Phillip Lougher
[   21.088026] fuse init (API version 7.23)
[   21.138879] Key type big_key registered
[   21.175583] Allocating IMA MOK and blacklist keyrings.
[   21.177762] Key type asymmetric registered
[   21.178559] Asymmetric key parser 'x509' registered
[   21.179530] Block layer SCSI generic (bsg) driver version 0.4 loaded (major 249)
[   21.181044] io scheduler noop registered
[   21.267650] io scheduler deadline registered (default)
[   21.268672] io scheduler cfq registered
[   21.329513] pci_hotplug: PCI Hot Plug PCI Core version: 0.5
[   21.383352] pciehp: PCI Express Hot Plug Controller Driver version: 0.4
[   21.507241] ACPI: AC Adapter [AC] (on-line)
[   21.640332] input: Power Button as /devices/LNXSYSTM:00/LNXPWRBN:00/input/input0
[   21.643551] ACPI: Power Button [PWRF]
[   21.694021] input: Sleep Button as /devices/LNXSYSTM:00/LNXSLPBN:00/input/input1
[   21.695488] ACPI: Sleep Button [SLPF]
[   21.696511] GHES: HEST is not enabled!
[   21.697144] ACPI: Battery Slot [BAT0] (battery present)
[   21.698348] Serial: 8250/16550 driver, 32 ports, IRQ sharing enabled
[   21.721811] 00:02: ttyS0 at I/O 0x3f8 (irq = 4, base_baud = 115200) is a 16550A
[   21.913431] Linux agpgart interface v0.103
[   21.926328] loop: module loaded
[   22.003405] scsi host0: ata_piix
[   22.004278] scsi host1: ata_piix
[   22.006942] ata1: PATA max UDMA/33 cmd 0x1f0 ctl 0x3f6 bmdma 0xd000 irq 14
[   22.008182] ata2: PATA max UDMA/33 cmd 0x170 ctl 0x376 bmdma 0xd008 irq 15
[   22.009439] libphy: Fixed MDIO Bus: probed
[   22.010283] tun: Universal TUN/TAP device driver, 1.6
[   22.011243] tun: (C) 1999-2004 Max Krasnyansky <maxk@qualcomm.com>
[   22.183749] tsc: Refined TSC clocksource calibration: 2395.108 MHz
[   22.191161] clocksource: tsc: mask: 0xffffffffffffffff max_cycles: 0x22862a14e97, max_idle_ns: 440795246715 ns
[   22.234254] PPP generic driver version 2.4.2
[   22.297345] ehci_hcd: USB 2.0 'Enhanced' Host Controller (EHCI) Driver
[   22.434957] ehci-pci: EHCI PCI platform driver
[   22.585433] ehci-platform: EHCI generic platform driver
[   22.761405] ohci_hcd: USB 1.1 'Open' Host Controller (OHCI) Driver
[   22.968669] ohci-pci: OHCI PCI platform driver
[   23.123086] ohci-platform: OHCI generic platform driver
[   23.295172] uhci_hcd: USB Universal Host Controller Interface driver
[   23.485920] i8042: PNP: PS/2 Controller [PNP0303:PS2K,PNP0f03:PS2M] at 0x60,0x64 irq 1,12
[   23.655659] serio: i8042 KBD port at 0x60,0x64 irq 1
[   23.822047] serio: i8042 AUX port at 0x60,0x64 irq 12
[   23.830054] mousedev: PS/2 mouse device common for all mice
[   23.962518] rtc_cmos rtc_cmos: rtc core: registered rtc_cmos as rtc0
[   23.963751] rtc_cmos rtc_cmos: alarms up to one day, 114 bytes nvram
[   23.964917] i2c /dev entries driver
[   23.965717] input: AT Translated Set 2 keyboard as /devices/platform/i8042/serio0/input/input2
[   23.967557] device-mapper: uevent: version 1.0.3
[   23.969845] device-mapper: ioctl: 4.34.0-ioctl (2015-10-28) initialised: dm-devel@redhat.com
[   24.074602] ledtrig-cpu: registered to indicate activity on CPUs
[   24.141732] NET: Registered protocol family 10
[   24.144286] NET: Registered protocol family 17
[   24.145154] Key type dns_resolver registered
[   24.146161] microcode: CPU0 sig=0x306a9, pf=0x2, revision=0x19
[   24.147236] microcode: CPU1 sig=0x306a9, pf=0x2, revision=0x19
[   24.148314] microcode: Microcode Update Driver: v2.01 <tigran@aivazian.fsnet.co.uk>, Peter Oruba
[   24.153665] registered taskstats version 1
[   24.154514] Loading compiled-in X.509 certificates
[   24.156145] Loaded X.509 cert 'Build time autogenerated kernel key: 4c603087bab8f0a02cb3b4e1fb4c40f507e71ef1'
[   24.158002] zswap: loaded using pool lzo/zbud
[   24.161007] Key type trusted registered
[   24.168950] Key type encrypted registered
[   24.178614] AppArmor: AppArmor sha1 policy hashing enabled
[   24.179709] ima: No TPM chip found, activating TPM-bypass!
[   24.180739] evm: HMAC attrs: 0x1
[   24.181824]   Magic number: 6:343:987
[   24.272172] machinecheck machinecheck0: hash matches
[   24.446300] rtc_cmos rtc_cmos: setting system clock to 2018-02-22 12:57:46 UTC (1519304266)
[   24.490354] BIOS EDD facility v0.16 2004-Jun-25, 0 devices found
[   24.492805] EDD information not available.
[   24.507526] Freeing unused kernel memory: 1508K
[   24.512652] Write protecting the kernel read-only data: 14336k
[   24.514163] Freeing unused kernel memory: 1728K
[   24.546844] Freeing unused kernel memory: 108K
Loading, please [   24.560853] random: systemd-udevd: uninitialized urandom read (16 bytes read, 3 bits of entropy available)
wait...
starting version 229
[   24.561388] random: udevadm: uninitialized urandom read (16 bytes read, 3 bits of entropy available)
[   24.561410] random: udevadm: uninitialized urandom read (16 bytes read, 3 bits of entropy available)
[   24.574688] random: udevadm: uninitialized urandom read (16 bytes read, 3 bits of entropy available)
[   24.574733] random: udevadm: uninitialized urandom read (16 bytes read, 3 bits of entropy available)
[   24.574933] random: udevadm: uninitialized urandom read (16 bytes read, 3 bits of entropy available)
[   24.574996] random: udevadm: uninitialized urandom read (16 bytes read, 3 bits of entropy available)
[   24.575057] random: udevadm: uninitialized urandom read (16 bytes read, 3 bits of entropy available)
[   24.575121] random: udevadm: uninitialized urandom read (16 bytes read, 3 bits of entropy available)
[   24.575180] random: udevadm: uninitialized urandom read (16 bytes read, 3 bits of entropy available)
[   24.949099] e1000: Intel(R) PRO/1000 Network Driver - version 7.3.21-k8-NAPI
[   24.962202] e1000: Copyright (c) 1999-2006 Intel Corporation.
[   25.009255] Fusion MPT base driver 3.04.20
[   25.027263] Copyright (c) 1999-2008 LSI Corporation
[   25.124674] Fusion MPT SPI Host driver 3.04.20
[   25.146345] AVX version of gcm_enc/dec engaged.
[   25.176902] AES CTR mode by8 optimization enabled
[   25.330951] input: ImExPS/2 Generic Explorer Mouse as /devices/platform/i8042/serio1/input/input4
[   25.471818] e1000 0000:00:03.0 eth0: (PCI:33MHz:32-bit) 02:66:2d:c5:e5:fb
[   25.600966] e1000 0000:00:03.0 eth0: Intel(R) PRO/1000 Network Connection
[   25.968378] e1000 0000:00:08.0 eth1: (PCI:33MHz:32-bit) 08:00:27:01:90:82
[   26.157717] e1000 0000:00:08.0 eth1: Intel(R) PRO/1000 Network Connection
[   26.242837] mptbase: ioc0: Initiating bringup
[   26.243703] e1000 0000:00:08.0 enp0s8: renamed from eth1
[   26.251436] e1000 0000:00:03.0 enp0s3: renamed from eth0
[   26.463578] ioc0: LSI53C1030 A0: Capabilities={Initiator}
[   26.789942] scsi host2: ioc0: LSI53C1030 A0, FwRev=00000000h, Ports=1, MaxQ=256, IRQ=20
[   26.912383] scsi 2:0:0:0: Direct-Access     VBOX     HARDDISK         1.0  PQ: 0 ANSI: 5
[   27.001896] scsi target2:0:0: Beginning Domain Validation
[   27.003644] scsi target2:0:0: Domain Validation skipping write tests
[   27.212169] scsi target2:0:0: Ending Domain Validation
[   27.337358] scsi target2:0:0: asynchronous
[   27.353702] scsi 2:0:1:0: Direct-Access     VBOX     HARDDISK         1.0  PQ: 0 ANSI: 5
[   27.573119] scsi target2:0:1: Beginning Domain Validation
[   27.760325] scsi target2:0:1: Domain Validation skipping write tests
[   27.761435] scsi target2:0:1: Ending Domain Validation
[   27.762403] scsi target2:0:1: asynchronous
[   27.767908] sd 2:0:0:0: Attached scsi generic sg0 type 0
[   27.771860] sd 2:0:0:0: [sda] 20971520 512-byte logical blocks: (10.7 GB/10.0 GiB)
[   27.834051] sd 2:0:1:0: Attached scsi generic sg1 type 0
[   27.834073] sd 2:0:0:0: [sda] Write Protect is off
[   27.901759] sd 2:0:1:0: [sdb] 20480 512-byte logical blocks: (10.5 MB/10.0 MiB)
[   27.903393] sd 2:0:0:0: [sda] Incomplete mode parameter data
[   27.986590] sd 2:0:0:0: [sda] Assuming drive cache: write through
[   27.987316] sd 2:0:1:0: [sdb] Write Protect is off
[   27.987388] sd 2:0:1:0: [sdb] Incomplete mode parameter data
[   27.987389] sd 2:0:1:0: [sdb] Assuming drive cache: write through
[   28.054360]  sda: sda1
[   28.062175] sd 2:0:1:0: [sdb] Attached SCSI disk
[   28.123463] floppy0: no floppy controllers found
[   28.123512] work still pending
[   28.480464] sd 2:0:0:0: [sda] Attached SCSI disk
Begin: Loading e[   30.250037] md: linear personality registered for level -1
ssential drivers[   30.445229] md: multipath personality registered for level -4
 ... [   30.639923] md: raid0 personality registered for level 0
[   30.703982] md: raid1 personality registered for level 1
[   30.935833] raid6: sse2x1   gen()  8598 MB/s
[   31.128383] raid6: sse2x1   xor()  6746 MB/s
[   31.291678] raid6: sse2x2   gen() 10595 MB/s
[   31.511586] raid6: sse2x2   xor()  7364 MB/s
[   31.719847] raid6: sse2x4   gen() 12405 MB/s
[   31.927097] raid6: sse2x4   xor()  9124 MB/s
[   32.067578] raid6: using algorithm sse2x4 gen() 12405 MB/s
[   32.224665] raid6: .... xor() 9124 MB/s, rmw enabled
[   32.259260] raid6: using ssse3x2 recovery algorithm
[   32.360976] xor: automatically using best checksumming function:
[   32.404119]    avx       : 21430.000 MB/sec
[   32.409355] async_tx: api initialized (async)
[   32.448975] md: raid6 personality registered for level 6
[   32.597126] md: raid5 personality registered for level 5
[   32.775055] md: raid4 personality registered for level 4
[   32.920340] md: raid10 personality registered for level 10
done.
Begin: Running /scripts/init-premount ... done.
Begin: Mountin[   33.030424] Btrfs loaded
g root file system ... Begin: Running /scripts/local-top ... done.
Begin: Running /scripts/local-premount ... Scanning for Btrfs filesystems
done.
Warning: fsck not present, so skipping root file system
[   33.420866] EXT4-fs (sda1): mounted filesystem with ordered data mode. Opts: (null)
done.
[   33.732458] random: nonblocking pool is initialized
Begin: Running /scripts/local-bottom ... done.
Begin: Running /scripts/init-bottom ... done.
[   35.231421] systemd[1]: systemd 229 running in system mode. (+PAM +AUDIT +SELINUX +IMA +APPARMOR +SMACK +SYSVINIT +UTMP +LIBCRYPTSETUP +GCRYPT +GNUTLS +ACL +XZ -LZ4 +SECCOMP +BLKID +ELFUTILS +KMOD -IDN)
[   35.837387] systemd[1]: Detected virtualization oracle.
[   35.996942] systemd[1]: Detected architecture x86-64.

Welcome to [1mUbuntu 16.04.3 LTS[0m!

[   36.193451] systemd[1]: Set hostname to <ubuntu>.
[   36.389670] systemd[1]: Initializing machine ID from random generator.
[   36.606236] systemd[1]: Installed transient /etc/machine-id file.
[   38.971223] systemd[1]: Listening on Syslog Socket.
[[0;32m  OK  [0m] Listening on Syslog Socket.
[   39.163037] systemd[1]: Listening on udev Kernel Socket.
[[0;32m  OK  [0m] Listening on udev Kernel Socket.
[   39.271929] systemd[1]: Reached target User and Group Name Lookups.
[[0;32m  OK  [0m] Reached target User and Group Name Lookups.
[   39.595781] systemd[1]: Listening on LVM2 metadata daemon socket.
[[0;32m  OK  [0m] Listening on LVM2 metadata daemon socket.
[   39.876149] systemd[1]: Listening on Journal Audit Socket.
[[0;32m  OK  [0m] Listening on Journal Audit Socket.
[   40.116225] systemd[1]: Set up automount Arbitrary Executable File Formats File System Automount Point.
[[0;32m  OK  [0m] Set up automount Arbitrary Executab...ats File System Automount Point.
[   40.464928] systemd[1]: Started Trigger resolvconf update for networkd DNS.
[[0;32m  OK  [0m] Started Trigger resolvconf update for networkd DNS.
[   40.467999] systemd[1]: Created slice User and Session Slice.
[[0;32m  OK  [0m] Created slice User and Session Slice.
[   40.575372] systemd[1]: Listening on Journal Socket (/dev/log).
[[0;32m  OK  [0m] Listening on Journal Socket (/dev/log).
[   40.709411] systemd[1]: Reached target Encrypted Volumes.
[[0;32m  OK  [0m] Reached target Encrypted Volumes.
[   40.775604] systemd[1]: Listening on udev Control Socket.
[[0;32m  OK  [0m] Listening on udev Control Socket.
[   41.007932] systemd[1]: Reached target Swap.
[[0;32m  OK  [0m] Reached target Swap.
[   41.199669] systemd[1]: Listening on /dev/initctl Compatibility Named Pipe.
[[0;32m  OK  [0m] Listening on /dev/initctl Compatibility Named Pipe.
[   41.360601] systemd[1]: Created slice System Slice.
[[0;32m  OK  [0m] Created slice System Slice.
[   41.595407] systemd[1]: Reached target Slices.
[[0;32m  OK  [0m] Reached target Slices.
[   41.604288] systemd[1]: Created slice system-serial\x2dgetty.slice.
[[0;32m  OK  [0m] Created slice system-serial\x2dgetty.slice.
[   41.606870] systemd[1]: Listening on Journal Socket.
[[0;32m  OK  [0m] Listening on Journal Socket.
[   41.627753] systemng Debug File System...
         Mounting Debug File System...
[   42.115741] systemd[1]: Starting Journal Service...
         Starting Journal Service...
[   42.399414] systemd[1]: Starting Remount Root and Kernel File Systems...
         Starting Remount[   42.540695] EXT4-fs (sda1): re-mounted. Opts: (null)
 Root and Kernel File Systems...
[   42.592268] systemd[1]: Starting Nameserver information manager...
         Starting Nameserver information manager...
[   42.773134] systemd[1]: Starting Create list of required static device nodes for the current kernel...
         Starting Create list of required st... nodes for the current kernel...
[   43.095461] systemd[1]: Mounting Huge Pages File System...
         Mounting Huge Pages File System...
[   43.228021] systemd[1]: Mounting POSIX Message Queue File System...
         Mounting POSIX Message Queue File System...
[   43.540038] systemd[1]: Starting Load Kernel Modules...
         Starting Load Kernel Modules...
[   43.763999] systemd[1]: Starting Set console keymap...
         [   43.929908] Loading iSCSI transport class v2.0-870.
Starting Set console keymap...
[   43.964465] systemd[1]: Starting Uncomplicated firewall...
         Starting Uncomplicated firewall...
[   44.108643] systemd[1]: Listening on Device-mapper event daemon FIFOs.
[[0;32m  OK  [0m] Listening on Device-mapper event daemon FIFOs.
[   44.112036] systemd[1]: Starting Monitoring of LVM2 mirrors, snapshots etc. using dmeventd or progress polling...
         Starting Monitoring of LVM2 mirrors... dmeventd or progress polling...
[   44.160389] systemd[1]: Listening on LVM2 poll daemon socket.
[[0;32m  OK  [0m] Listening on LVM2 poll daemon socket.
[   44.325808] systemd[1]: Started Forward Password Requests to Wall Directory Watch.
[[0;32m  OK  [0m] Started Forward Password Requests to Wall Directory Watch.
[   44.345184] systemd[1]: Mounted POSIX Message Queue File System.
[[0;32m  OK  [0[   44.504165] iscsi: registered transport (tcp)
m] Mounted POSIX Message Queue File System.
[   44.524883] systemd[1]: Mounted Debug File System.
[[0;32m  OK  [0m] Mounted Debug File System.
[   44.591610] systemd[1]: Mounted Huge Pages File System.
[[0;32m  OK  [0m] Mounted Huge Pages File System.
[   44.793036] systemd[1]: Started Journal Service.
[[0;32m  OK  [0m] Started Journal Service.
[[0;32m  OK  [0m] Started Remount Root and Kernel File Systems.
[[0;32m  OK  [0m] Started Create list of requir[   44.951364] iscsi: registered transport (iser)
ed sta...ce nodes for the current kernel.
[[0;32m  OK  [0m] Started Load Kernel Modules.
[[0;32m  OK  [0m] Started Set console keymap.
[[0;32m  OK  [0m] Started Uncomplicated firewall.
[[0;32m  OK  [0m] Started Nameserver information manager.
[[0;32m  OK  [0m] Started LVM2 metadata daemon.
         Starting Apply Kernel Variables...
         Mounting FUSE Control File System...
         Starting Create Static Device Nodes in /dev...
         Starting udev Coldplug all Devices...
         Starting Initial cloud-init job (pre-networking)...
         Starting Load/Save Random Seed...
         Starting Flush Journal to Persistent Storage...
[[0;32m  OK  [0m] Mounted FUSE Control File System.
[[0;32m  OK  [0m] Started Apply Kernel Variables.
[[0;32m  OK  [0m] Started Monitoring of LVM2 mirrors,...ng dmeventd or progress polling.
[[0;32m  OK  [0m] Started udev Coldplug all Devices.
[[0;32m  OK  [0m] Started Flush Journal to Persistent Storage.
[[0;32m  OK  [0m] Started Load/Save Random Seed.
[[0;32m  OK  [0m] Started Create Static Device Nodes in /dev.
         Starting udev Kernel Device Manager...
[[0;32m  OK  [0m] Started udev Kernel Device Manager.
[[0;32m  OK  [0m] Reached target Local File Systems (Pre).
[[0;32m  OK  [0m] Reached target Local File Systems.
         Starting Tell Plymouth To Write Out Runtime Data...
         Starting LSB: AppArmor initialization...
         Starting Create Volatile Files and Directories...
         Starting Commit a transient machine-id on disk...
         Starting Set console font and keymap...
[[0;32m  OK  [0m] Started Dispatch Password Requests to Console Directory Watch.
[[0;32m  OK  [0m] Started Commit a transient machine-id on disk.
[[0;32m  OK  [0m] Found device /dev/ttyS0.
[[0;32m  OK  [0m] Started Create Volatile Files and Directories.
[[0;32m  OK  [0m] Reached target System Time Synchronized.
         Starting Update UTMP about System Boot/Shutdown...
[[0;32m  OK  [0m] Started Tell Plymouth To Write Out Runtime Data.
[[0;32m  OK  [0m] Started Update UTMP about System Boot/Shutdown.
[[0;32m  OK  [0m] Started Set console font and keymap.
[[0;32m  OK  [0m] Created slice system-getty.slice.
[[0;32m  OK  [0m] Listening on Load/Save RF Kill Switch Status /dev/rfkill Watch.
[[0;32m  OK  [0m] Started LSB: AppArmor initialization.
[   38.597489] cloud-init[441]: Cloud-init v. 17.1 running 'init-local' at Thu, 22 Feb 2018 12:58:17 +0000. Up 37.78 seconds.
[[0;32m  OK  [0m] Started Initial cloud-init job (pre-networking).
[[0;32m  OK  [0m] Reached target Network (Pre).
         Starting Raise network interfaces...
[[0;32m  OK  [0m] Started Raise network interfaces.
         Starting Initial cloud-init job (metadata service crawler)...
[[0;32m  OK  [0m] Reached target Network.
[   43.210969] cloud-init[949]: Cloud-init v. 17.1 running 'init' at Thu, 22 Feb 2018 12:58:19 +0000. Up 39.72 seconds.
[   43.276741] cloud-init[949]: ci-info: ++++++++++++++++++++++++++++++++++++++Net device info++++++++++++++++++++++++++++++++++++++
[   43.306585] cloud-init[949]: ci-info: +--------+-------+----------------------------+---------------+-------+-------------------+
[[0;32m  OK  [0m] Started Initial cloud-init job (metadata service crawler).
[   43.311825] [cloud-init[0;32m  OK  [0m[949]: ] ci-info: | Device |   Up  |          Address           |      Mask     | Scope |     Hw-Address    |Reached target Network is Online.

[   43.448269]          cloud-initStarting iSCSI initiator daemon (iscsid)...[949]: 
ci-info: +--------+-------+----------------------------+---------------+-------+-------------------+
[   43.616815] [cloud-init[0;32m  OK  [0m[949]: ] ci-info: | enp0s3 |  True |         10.0.2.15          | 255.255.255.0 |   .   | 02:66:2d:c5:e5:fb |Reached target Cloud-config availability.

[   43.844932] [cloud-init[0;32m  OK  [0m[949]: ] ci-info: | enp0s3 |  True | fe80::66:2dff:fec5:e5fb/64 |       .       |  link | 02:66:2d:c5:e5:fb |Reached target System Initialization.

[[0;32m  OK  [0m] Listening on UUID daemon activation socket.
[[0;32m  OK  [0m] Started Daily Cleanup of Temporary Directories.
[   43.845387] cloud-init[949]: ci-info: | enp0s8 | False |             .              |       .       |   .   | 08:00:27:01:90:82 |
[   44.116884] [cloud-init[0;32m  OK  [0m[949]: ] ci-info: |   lo   |  True |         127.0.0.1          |   255.0.0.0   |   .   |         .         |Started Timer to automatically refresh installed snaps.

[   44.117357] cloud-init[949]: ci-info: |   lo   |  True |          ::1/128           |       .       |  host |         .         |
[   44.284656] cloud-init[949]: ci-info: +--------+-------+----------------------------+---------------+-------+-------------------+
[   44.351438] [cloud-init[0;32m  OK  [0m[949]: ] ci-info: +++++++++++++++++++++++++++Route IPv4 info++++++++++++++++++++++++++++Started ACPI Events Check.

[   44.461515] [[0;32m  OK  [0m] Reached target Paths.
cloud-init[949]: ci-info: +-------+-------------+----------+---------------+-----------+-------+
[   44.613121]          cloud-initStarting LXD - unix socket.[949]: 
ci-info: | Route | Destination | Gateway  |    Genmask    | Interface | Flags |
[   44.764579] [cloud-init[0;32m  OK  [0m[949]: ] ci-info: +-------+-------------+----------+---------------+-----------+-------+Listening on ACPID Listen Socket.

         Starting Socket activation for snappy daemon.
[[0;32m  OK  [0m] Listening on D-Bus System Message Bus Socket.
[[0;32m  OK  [0m] Started Daily apt download activities.[   44.765085] 
cloud-init[949]: ci-info: |   0   |   0.0.0.0   | 10.0.2.2 |    0.0.0.0    |   enp0s3  |   UG  |
[   45.056547] [cloud-init[0;32m  OK  [0m[949]: ] ci-info: |   1   |   10.0.2.0  | 0.0.0.0  | 255.255.255.0 |   enp0s3  |   U   |Started Daily apt upgrade and clean activities.

[[0;32m  OK  [0m] Reached target Timers.
[   45.057017] cloud-init[949]: ci-info: +-------+-------------+----------+---------------+-----------+-------+
[   45.417106] [cloud-init[0;32m  OK  [0m[949]: ] Generating public/private rsa key pair.Listening on LXD - unix socket.

[   45.417619] [cloud-init[0;32m  OK  [0m[949]: ] Your identification has been saved in /etc/ssh/ssh_host_rsa_key.Listening on Socket activation for snappy daemon.

[[0;32m  OK  [0m] Started iSCSI initiator daemon (iscsid).
[   45.508975] cloud-init[949]: Your public key has been saved in /etc/ssh/ssh_host_rsa_key.pub.
[   45.773378]          cloud-initStarting Login to default iSCSI targets...[949]: 
The key fingerprint is:
[   45.859138] [[0;32m  OK  [0m] Reached target Sockets.
[[0;32m  OK  [0m] Reached target Basic System.
cloud-init[949]: SHA256:J+yfzOfRZMGvWB44upTwGS0S1QYPNkb7tvCJRiQUSrc root@ubuntu-xenial
[   45.984954] cloud-init[949]: The key's randomart image is:
[   46.069000] cloud-init[949]: +---[RSA 2048]----+
[   46.073366] cloud-init[949]: |      . +oOo     |
[   46.079125] cloud-init[949]: |     . + = =o.   |
[   46.102714] cloud-init[949]: |      . E o.. o  |
[   46.128974] cloud-init[949]: |       . + o . o |
[   46.205041] cloud-init[949]: |        S * * = .|
[   46.207303] cloud-init[949]: |       . B @ @ o |
[   46.208317] cloud-init[949]: |        . O * +  |
[   46.264695] cloud-init[949]: |         * o..   |
[   46.332276] cloud-init[949]: |          *o.    |
[[0;32m  OK  [0m] Started Regular background program processing daemon.
[   46.411929] cloud-init[949]: +----[SHA256]-----+
[   46.434959] cloud-init[949]: Generating public/private dsa key pair.
[   46.436514] cloud-init[949]: Your identification has been saved in /etc/ssh/ssh_host_dsa_key.
[   46.463590] [[0;32m  OK  [0m] Started ACPI event daemon.
cloud-init[949]: Your public key has been saved in /etc/ssh/ssh_host_dsa_key.pub.
[   46.537054]          cloud-initStarting System Logging Service...[949]: 
The key fingerprint is:
[   46.576260] cloud-init[949]: SHA256:dDDCuaEkkz4OOPbWxBGlD44kHaaJYMEiLsijZhvO8IE root@ubuntu-xenial
[[0;32m  OK  [0m] Started FUSE filesystem for LXC.
[   46.692107] cloud-init[949]: The key's randomart image is:
[   46.817194] cloud-init[949]: +---[DSA 1024]----+
[   46.817493] cloud-init[949]: |oo.+ o+oo        |
         Starting /etc/rc.local Compatibility...
[   46.817660] cloud-init[949]: |*.O o.=. o       |
[   46.977133] cloud-init[949]: |O= *.+.o. .      |
[   46.977437] cloud-init[949]: |*== +o+. .       |
         Starting Accounts Service...
[   46.977590] cloud-init[949]: |+=ooo. .S        |
[   47.164328] cloud-init[949]: |E+oo .           |
[   47.164615] cloud-init[949]: |*.+.             |
         Starting Apply the settings specified in cloud-config...
[   47.164754] cloud-init[949]: | +.              |
         Starting Login Service...
[   47.447395] cloud-init[949]: |                 |
[   47.581163] cloud-init[949]: +----[SHA256]-----+
[   47.648488] cloud-init[949]: Generating public/private ecdsa key pair.
         Starting Pollinate to seed the pseudo random number generator...
[   47.754088] cloud-init[949]: Your identification has been saved in /etc/ssh/ssh_host_ecdsa_key.
[   47.952733] cloud-init[949]: Your public key has been saved in /etc/ssh/ssh_host_ecdsa_key.pub.
         Starting Snappy daemon...
[   48.037480] cloud-init[949]: The key fingerprint is:
[   48.150932] cloud-init[949]: SHA256:bVheDOwSaMw9e/q41/TZQ3Cul6/oxanrevLqu+vss9U root@ubuntu-xenial
         Starting LSB: MD monitoring daemon...
[   48.204947] cloud-init[949]: The key's randomart image is:
         Starting LSB: Record successful boot for GRUB...
[[0;32m  OK  [0m] Started Unattended Upgrades Shutdown.
[   48.331228] cloud-init[949]: +---[ECDSA 256]---+
[   48.492472] [cloud-init[0;32m  OK  [0m[949]: ] |     o o ..      |Started D-Bus System Message Bus.

[   48.492914] cloud-init[949]: |      = + .o     |
[   48.656772] cloud-init[949]: |     .   =. o    |
[   48.813322] cloud-init[949]: |        o=o. . . |
[   48.844920] cloud-init[949]: |        S++   +  |
[   48.908427] cloud-init[949]: |        ..  .o + |
[   48.977265] cloud-init[949]: |         o o..Eo.|
[   49.036395] cloud-init[949]: |        ..=.o=o+.|
[   49.082115] cloud-init[949]: |        .*%#B.o.+|
[   49.109085] cloud-init[949]: +----[SHA256]-----+
[   49.181297] cloud-init[949]: Generating public/private ed25519 key pair.
[   49.199575] cloud-init[949]: Your identification has been saved in /etc/ssh/ssh_host_ed25519_key.
[   49.202637] cloud-init[949]: Your public key has been saved in /etc/ssh/ssh_host_ed25519_key.pub.
[   49.204474] cloud-init[949]: The key fingerprint is:
[   49.232617] cloud-init[949]: SHA256:Uzk5dY5Upi0Mw/eFTT3tCiX7rT+COxj8wkYO1TX9pdQ root@ubuntu-xenial
[   49.369142] cloud-init[949]: The key's randomart image is:
[   49.420614] cloud-init[949]: +--[ED25519 256]--+
[   49.442215] cloud-init[949]: |         .o o.==+|
[   49.488967] cloud-init[949]: |          .OoX+oE|
[   49.556492] cloud-init[949]: |          B.**+++|
[   49.620336] cloud-init[949]: |         o +o.o o|
[   49.689151] cloud-init[949]: |        S    o o |
[   49.713025] cloud-init[949]: |       . =    o .|
[   49.780428] cloud-init[949]: |        = + .  . |
[   49.856286] cloud-init[949]: |         * + ... |
[   49.940343] cloud-init[949]: |        . ..o ..o|
[   49.985074] cloud-init[949]: +----[SHA256]-----+
[   49.993841] cloud-init[1072]: Generating locales (this might take a while)...
[[0;32m  OK  [0m] Started Deferred execution scheduler.
         Starting LXD - container startup/shutdown...
[[0;32m  OK  [0m] Started System Logging Service.
[[0;32m  OK  [0m] Started /etc/rc.local Compatibility.
[[0;32m  OK  [0m] Started Login Service.
[[0;32m  OK  [0m] Started LSB: Record successful boot for GRUB.
[[0;32m  OK  [0m] Started Login to default iSCSI targets.
[[0;32m  OK  [0m] Reached target Remote File Systems (Pre).
[[0;32m  OK  [0m] Reached target Remote File Systems.
         Starting LSB: VirtualBox Linux Additions...
         Starting Permit User Sessions...
         Starting LSB: Set the CPU Frequency Scaling governor to "ondemand"...
         Starting LSB: daemon to balance interrupts for SMP systems...
         Starting LSB: automatic crash report generation...
[[0;32m  OK  [0m] Started LSB: MD monitoring daemon.
[[0;32m  OK  [0m] Started Permit User Sessions.
[[0;32m  OK  [0m] Started LSB: Set the CPU Frequency Scaling governor to "ondemand".
         Starting Authenticate and Authorize Users to Run Privileged Tasks...
         Starting Terminate Plymouth Boot Screen...
         Starting Hold until boot process finishes up...
[[0;32m  OK  [0m] Started LSB: automatic crash report generation.
[[0;32m  OK  [0m] Started Terminate Plymouth Boot Screen.
[[0;32m  OK  [0m] Started Hold until boot process finishes up.
[[0;32m  OK  [0m] Started Serial Getty on ttyS0.
         Starting Set console scheme...
[[0;32m  OK  [0m] Started Getty on tty1.
[[0;32m  OK  [0m] Reached target Login Prompts.
[[0;32m  OK  [0m] Started LSB: daemon to balance interrupts for SMP systems.
[[0;32m  OK  [0m] Started Set console scheme.
[   55.073000] cloud-init[1072]:   en_US.UTF-8... done
[   55.140836] cloud-init[1072]: Generation complete.
[[0;32m  OK  [0m] Started Authenticate and Authorize Users to Run Privileged Tasks.
[[0;32m  OK  [0m] Started Accounts Service.
[[0;32m  OK  [0m] Started LSB: VirtualBox Linux Additions.
[[0;32m  OK  [0m] Started Snappy daemon.
[[0;32m  OK  [0m] Started LXD - container startup/shutdown.

Ubuntu 16.04.3 LTS ubuntu-xenial ttyS0

ubuntu-xenial login: [   60.739753] cloud-init[1072]: Cloud-init v. 17.1 running 'modules:config' at Thu, 22 Feb 2018 12:58:26 +0000. Up 47.38 seconds.
ci-info: no authorized ssh keys fingerprints found for user ubuntu.
<14>Feb 22 12:58:40 ec2: 
<14>Feb 22 12:58:40 ec2: #############################################################
<14>Feb 22 12:58:40 ec2: -----BEGIN SSH HOST KEY FINGERPRINTS-----
<14>Feb 22 12:58:40 ec2: 1024 SHA256:dDDCuaEkkz4OOPbWxBGlD44kHaaJYMEiLsijZhvO8IE root@ubuntu-xenial (DSA)
<14>Feb 22 12:58:40 ec2: 256 SHA256:bVheDOwSaMw9e/q41/TZQ3Cul6/oxanrevLqu+vss9U root@ubuntu-xenial (ECDSA)
<14>Feb 22 12:58:40 ec2: 256 SHA256:Uzk5dY5Upi0Mw/eFTT3tCiX7rT+COxj8wkYO1TX9pdQ root@ubuntu-xenial (ED25519)
<14>Feb 22 12:58:40 ec2: 2048 SHA256:J+yfzOfRZMGvWB44upTwGS0S1QYPNkb7tvCJRiQUSrc root@ubuntu-xenial (RSA)
<14>Feb 22 12:58:40 ec2: -----END SSH HOST KEY FINGERPRINTS-----
<14>Feb 22 12:58:40 ec2: #############################################################
-----BEGIN SSH HOST KEY KEYS-----
ecdsa-sha2-nistp256 AAAAE2VjZHNhLXNoYTItbmlzdHAyNTYAAAAIbmlzdHAyNTYAAABBBAcUpsbawjpDW1MVoI7a832ZRzF1T6R9SCGZSkgXXr7ncxgZPlktmz5WYaGHP1rKyMXedEiJDOeDQAy0RVaS8Lk= root@ubuntu-xenial
ssh-ed25519 AAAAC3NzaC1lZDI1NTE5AAAAINk7FBI3B10J0dJcxBcxkGHPKmBOyL6xw0zK05zmkTJV root@ubuntu-xenial
ssh-rsa AAAAB3NzaC1yc2EAAAADAQABAAABAQC8i9fHug7Wwd4/iEO3pNx2pIGaqT1HA6HeQWFKIryiJrAFr+dKv4kQHbSs6GiDerPNg3uL03GJ4DMhcogSCzLoJ2EiXM7GhCivRxzoagUmJoWCBSbTi11q0s5GlY0AmiPQWT1CmQW7h3OMyclqCTTzgpCd+orOJkiEg5Te+kCaUViBErxJzoCSGO9iIip2H2FgoAJXTtKmKOl8qj8kiM5qF+U+R9i8k6AIxWxuhgws+T5D9zUkEO7MK77S/37FuZ2tmM+kzYabWSp/GH6I7o9Fv1vzYyy7yQc9DlacVHcsL5n7WK3UejEJPZL89GaWcGZzfDwsaJ8IxoRqZ0CJEdjB root@ubuntu-xenial
-----END SSH HOST KEY KEYS-----
[   61.291665] cloud-init[1306]: Cloud-init v. 17.1 running 'modules:final' at Thu, 22 Feb 2018 12:58:40 +0000. Up 61.05 seconds.
[   61.291880] cloud-init[1306]: ci-info: no authorized ssh keys fingerprints found for user ubuntu.
[   61.292017] cloud-init[1306]: Cloud-init v. 17.1 finished at Thu, 22 Feb 2018 12:58:40 +0000. Datasource DataSourceNoCloud [seed=/dev/sdb][dsmode=net].  Up 61.28 seconds
